******************************************************************************
                  TI ARM Linker PC v5.2.6                      
******************************************************************************
>> Linked Thu Nov 18 21:04:39 2021

OUTPUT FILE NAME:   <sensortag_cc2650stk_app.out>
ENTRY POINT SYMBOL: "ResetISR"  address: 00009de5


MEMORY CONFIGURATION

         name            origin    length      used     unused   attr    fill
----------------------  --------  ---------  --------  --------  ----  --------
  IMAGE_HEADER          00001000   00000010  00000010  00000000  R  X
  FLASH                 00001010   00010010  0000f033  00000fdd  R  X
  SRAM                  20000000   000043f8  00003457  00000fa1  RW X


SEGMENT ALLOCATION MAP

run origin  load origin   length   init length attrs members
----------  ----------- ---------- ----------- ----- -------
00001000    00001000    0000f048   0000f048    r-x
  00001000    00001000    00000010   00000010    r-- .imgHdr
  00001010    00001010    0000003c   0000003c    r-- .resetVecs
  0000104c    0000104c    0000d87e   0000d87e    r-x .text
  0000e8cc    0000e8cc    00000b89   00000b89    r-- .const
  0000f458    0000f458    00000bf0   00000bf0    r-- .cinit
20000430    20000430    00000010   00000000    rw-
  20000430    20000430    00000010   00000000    rw- .TI.bound:dmaSpi0RxControlTableEntry$21
20000440    20000440    00000010   00000000    rw-
  20000440    20000440    00000010   00000000    rw- .TI.bound:dmaSpi0TxControlTableEntry$21
20000500    20000500    00000010   00000000    rw-
  20000500    20000500    00000010   00000000    rw- .TI.bound:dmaSpi1RxControlTableEntry$21
20000510    20000510    0000315f   00000000    rw-
  20000510    20000510    00000010   00000000    rw- .TI.bound:dmaSpi1TxControlTableEntry$21
  20000520    20000520    00002259   00000000    rw- .data
  20002780    20002780    00000eef   00000000    rw- .bss
200041f8    200041f8    00000200   00000000    rw-
  200041f8    200041f8    00000200   00000000    rw- .stack


SECTION ALLOCATION MAP

 output                                  attributes/
section   page    origin      length       input sections
--------  ----  ----------  ----------   ----------------
.imgHdr    0    00001000    00000010     
                  00001000    00000010     oad_target_external_flash.obj (.imgHdr:retain)

.text      0    0000104c    0000d87e     
                  0000104c    000002ec     peripheral.obj (.text:gapRole_processGAPMsg$50)
                  00001338    00000290     RFCC26XX_singleMode.obj (.text:fsmActiveState$19)
                  000015c8    0000023c     peripheral.obj (.text:GAPRole_SetParameter)
                  00001804    00000228     drivers_cc26xxware.aem3 : PowerCC26XX.oem3 (.text:Power_sleep)
                  00001a2c    00000204     driverlib.lib : sys_ctrl.obj (.text:NOROM_SysCtrlSetRechargeBeforePowerDown)
                  00001c30    000001f4     rtsv7M3_T_le_eabi.lib : ull_div_t2.obj (.text)
                  00001e24    000001f0     sensortag.obj (.text:SensorTag_init$0)
                  00002014    000001d0     drivers_cc26xxware.aem3 : PowerCC26XX_calibrateRCOSC.oem3 (.text:calibrateRcoscHf1)
                  000021e4    000001a8     PINCC26XX.obj (.text:PIN_init)
                  0000238c    0000019c     RFCC26XX_singleMode.obj (.text:RF_postCmd)
                  00002528    00000184     drivers_cc26xxware.aem3 : PowerCC26XX_calibrateRCOSC.oem3 (.text:PowerCC26XX_doCalibrate)
                  000026ac    0000017c     RFCC26XX_singleMode.obj (.text:abortCmd$19)
                  00002828    00000174     RFCC26XX_singleMode.obj (.text:fsmSetupState$19)
                  0000299c    00000158     SPICC26XXDMA.obj (.text:SPICC26XXDMA_initIO$21)
                  00002af4    0000014c     SPICC26XXDMA.obj (.text:SPICC26XXDMA_open)
                  00002c40    00000138     sensortag_factoryreset.obj (.text:SensorTagFactoryReset_storeCurrentImage)
                  00002d78    00000130     driverlib.lib : setup_rom.obj (.text:NOROM_SetupAfterColdResetWakeupFromShutDownCfg3)
                  00002ea8    00000120     peripheral.obj (.text:GAPRole_GetParameter)
                  00002fc8    0000011c     drivers_cc26xxware.aem3 : PowerCC26XX.oem3 (.text:Power_init)
                  000030e4    00000110     RFCC26XX_singleMode.obj (.text:hwiFxnCpe0Active$19)
                  000031f4    00000104     RFCC26XX_singleMode.obj (.text:fsmPowerUpState$19)
                  000032f8    000000fc     I2CCC26XX.obj (.text:I2CCC26XX_open)
                  000033f4    000000fc     SensorMpu9250.obj (.text:SensorMpu9250_magRead)
                  000034f0    000000fc     peripheral.obj (.text:gapRole_taskFxn$50)
                  000035ec    000000f8     sysbios.aem3 : BIOS.obj (.text:xdc_runtime_Startup_startMods__I)
                  000036e4    000000f4     SPICC26XXDMA.obj (.text:SPICC26XXDMA_transferCancel)
                  000037d8    000000f4     SensorBmp280.obj (.text:SensorBmp280_convert)
                  000038cc    000000ec     icall.obj (.text:ICall_primWaitMatch$24)
                  000039b8    000000ec     RFCC26XX_singleMode.obj (.text:rf_init$19)
                  00003aa4    000000ec     registerservice.obj (.text:sensor_WriteAttrCB$51)
                  00003b90    000000e8     sensortag.obj (.text:SensorTag_processStateChangeEvt$0)
                  00003c78    000000e4     driverlib.lib : setup_rom.obj (.text:NOROM_SetupAfterColdResetWakeupFromShutDownCfg2)
                  00003d5c    000000e0     I2CCC26XX.obj (.text:I2CCC26XX_hwiFxn$17)
                  00003e3c    000000e0     SPICC26XXDMA.obj (.text:SPICC26XXDMA_configDMA$21)
                  00003f1c    000000e0     RFCC26XX_singleMode.obj (.text:radioOpDoneCb$19)
                  00003ffc    000000dc     PINCC26XX.obj (.text:PINCC26XX_setIoCfg$18)
                  000040d8    000000dc     SPICC26XXDMA.obj (.text:SPICC26XXDMA_control)
                  000041b4    000000dc     SensorMpu9250.obj (.text:SensorMpu9250_enableWom)
                  00004290    000000dc     sensortag_mov.obj (.text:SensorTagMov_processSensorEvent)
                  0000436c    000000d4     power_cc26xx_tirtos.aem3 : PowerCC26XX_tirtos.oem3 (.text:PowerCC26XX_standbyPolicy)
                  00004440    000000d4     drivers_cc26xxware.aem3 : PowerCC26XX.oem3 (.text:Power_releaseDependency)
                  00004514    000000d0                             : PowerCC26XX.oem3 (.text:Power_setDependency)
                  000045e4    000000cc     sysbios.aem3 : BIOS.obj (.text:ti_sysbios_knl_Semaphore_pend__E)
                  000046b0    000000cc                  : BIOS.obj (.text:ti_sysbios_knl_Task_Instance_init__E)
                  0000477c    000000c8     RFCC26XX_singleMode.obj (.text:RF_open)
                  00004844    000000c8     sysbios.aem3 : m3_Hwi_asm.obj (.text:ti_sysbios_family_arm_m3_Hwi_dispatch__I)
                  0000490c    000000c4     I2CCC26XX.obj (.text:I2CCC26XX_transfer)
                  000049d0    000000c4     barometerservice.obj (.text:sensor_WriteAttrCB$37)
                  00004a94    000000c4     humidityservice.obj (.text:sensor_WriteAttrCB$43)
                  00004b58    000000c4     irtempservice.obj (.text:sensor_WriteAttrCB$45)
                  00004c1c    000000c4     movementservice.obj (.text:sensor_WriteAttrCB$46)
                  00004ce0    000000c4     opticservice.obj (.text:sensor_WriteAttrCB$49)
                  00004da4    000000c0     ioservice.obj (.text:io_WriteAttrCB$44)
                  00004e64    000000bc     driverlib.lib : setup.obj (.text:TrimAfterColdResetWakeupFromShutDown)
                  00004f20    000000b8     sensortag_mov.obj (.text:SensorTagMov_processCharChangeEvt)
                  00004fd8    000000b8     sensortag_bar.obj (.text:sensorTaskFxn$1)
                  00005090    000000b6     SPICC26XXDMA.obj (.text:SPICC26XXDMA_transfer)
                  00005146    00000002     ble_user_config.obj (.text:DefaultAssertCback)
                  00005148    000000b4     sensortag_factoryreset.obj (.text:SensorTagFactoryReset_hasImage)
                  000051fc    000000b0     sensortag_io.obj (.text:SensorTagIO_processCharChangeEvt)
                  000052ac    000000b0     sensortag_keys.obj (.text:SensorTagKeys_processEvent)
                  0000535c    000000b0     devinfoservice.obj (.text:devInfo_ReadAttrCB$40)
                  0000540c    000000b0     peripheral.obj (.text:gapRole_init$50)
                  000054bc    000000ac     oad.obj (.text:OAD_imgBlockWrite)
                  00005568    000000a8     driverlib.lib : setup.obj (.text:NOROM_SetupTrimDevice)
                  00005610    000000a8     sensortag.obj (.text:SensorTag_taskFxn$0)
                  000056b8    000000a8     oad.obj (.text:oadWriteAttrCB$47)
                  00005760    000000a4     ccservice.obj (.text:ccService_WriteAttrCB$39)
                  00005804    000000a0     SPICC26XXDMA.obj (.text:SPICC26XXDMA_hwiFxn$21)
                  000058a4    000000a0     auto_init.aem3 : auto_init.oem3 (.text)
                  00005944    000000a0     sysbios.aem3 : BIOS.obj (.text:ti_sysbios_knl_Task_setPri__E)
                  000059e4    0000009c     oad.obj (.text:OAD_imgIdentifyWrite)
                  00005a80    0000009c     sensortag_keys.obj (.text:SensorTagKeys_clockHandler$8)
                  00005b1c    0000009c     SensorTmp007.obj (.text:SensorTmp007_test)
                  00005bb8    0000009c     rtsv7M3_T_le_eabi.lib : memcpy_t2.obj (.text)
                  00005c54    00000098     PINCC26XX.obj (.text:PIN_open)
                  00005cec    00000098     RFCC26XX_singleMode.obj (.text:fsmPowerDownState$19)
                  00005d84    00000098     sysbios.aem3 : BIOS.obj (.text:ti_sysbios_knl_Clock_workFuncDynamic__E)
                  00005e1c    00000096     SensorBmp280.obj (.text:SensorBmp280_test)
                  00005eb2    00000002     driverlib.lib : rfc.obj (.text:NOROM_RFCAdi3VcoLdoVoltageMode)
                  00005eb4    00000094     gattservapp_util.obj (.text:GATTServApp_ProcessCharCfg)
                  00005f48    00000094     sensortag_opt.obj (.text:SensorTagOpt_processCharChangeEvt)
                  00005fdc    00000094     sysbios.aem3 : BIOS.obj (.text:ti_sysbios_family_arm_m3_Hwi_Instance_init__E)
                  00006070    00000090     I2CCC26XX.obj (.text:I2CCC26XX_primeTransfer$17)
                  00006100    00000090     oad.obj (.text:crcCalcDL$47)
                  00006190    00000090     drivers_cc26xxware.aem3 : PowerCC26XX.oem3 (.text:switchXOSCHFclockFunc)
                  00006220    0000008c     devinfoservice.obj (.text:DevInfo_SetParameter)
                  000062ac    0000008c     driverlib.lib : osc.obj (.text:NOROM_OSCHF_GetStartupTime)
                  00006338    00000088     I2CCC26XX.obj (.text:I2CCC26XX_cancel)
                  000063c0    00000088     sensortag_bar.obj (.text:SensorTagBar_processCharChangeEvt)
                  00006448    00000088     sensortag_register.obj (.text:SensorTagRegister_processCharChangeEvt)
                  000064d0    00000088     sensortag_tmp.obj (.text:SensorTagTmp_processCharChangeEvt)
                  00006558    00000088     registerservice.obj (.text:sensor_ReadAttrCB$51)
                  000065e0    00000084     icall.obj (.text:ICall_heapMalloc)
                  00006664    00000084     icall.obj (.text:ICall_primSetTimer$24)
                  000066e8    00000084     RFCC26XX_singleMode.obj (.text:RF_pendCmd)
                  0000676c    00000084     sensortag_hum.obj (.text:SensorTagHum_processCharChangeEvt)
                  000067f0    00000084     TRNGCC26XX.obj (.text:TRNGCC26XX_getNumber)
                  00006874    00000084     sensortag_register.obj (.text:readRegister$12)
                  000068f8    00000084     RFCC26XX_singleMode.obj (.text:swiFxnHw$19)
                  0000697c    00000080     SensorMpu9250.obj (.text:sensorMagInit$32)
                  000069fc    00000080     sysbios.aem3 : BIOS.obj (.text:ti_sysbios_family_arm_m3_Hwi_initNVIC__E)
                  00006a7c    00000080                  : BIOS.obj (.text:ti_sysbios_knl_Task_postInit__I)
                  00006afc    00000080                  : BIOS.obj (.text:xdc_runtime_Core_createObject__I)
                  00006b7c    0000007c     icall.obj (.text:ICall_createRemoteTasks)
                  00006bf8    0000007c     drivers_cc26xxware.aem3 : PowerCC26XX.oem3 (.text:disableLFClockQualifiers)
                  00006c74    0000007c     sensortag_tmp.obj (.text:sensorTaskFxn$13)
                  00006cf0    0000007a     rtsv7M3_T_le_eabi.lib : memset_t2.obj (.text)
                  00006d6a    00000002     driverlib.lib : rfc.obj (.text:NOROM_RFCRTrim)
                  00006d6c    00000078                   : setup_rom.obj (.text:NOROM_SetupAfterColdResetWakeupFromShutDownCfg1)
                  00006de4    00000078     oad.obj (.text:OAD_rejectImage$47)
                  00006e5c    00000078     SensorTagTest.obj (.text:SensorTag_testExecute)
                  00006ed4    00000078     sysbios.aem3 : BIOS.obj (.text:ti_sysbios_knl_Clock_walkQueueDynamic__E)
                  00006f4c    00000074     icall_cc2650.obj (.text:ICallPlatform_pwrUpdActivityCounter)
                  00006fc0    00000074     icall.obj (.text:ICall_primSend$24)
                  00007034    00000074     drivers_cc26xxware.aem3 : PowerCC26XX_calibrateRCOSC.oem3 (.text:PowerCC26XX_auxISR)
                  000070a8    00000074     sensortag_register.obj (.text:SensorTagRegister_reset)
                  0000711c    00000074     drivers_cc26xxware.aem3 : PowerCC26XX_calibrateRCOSC.oem3 (.text:calibrateRcoscHf2)
                  00007190    00000074     peripheral.obj (.text:gapRole_startConnUpdate$50)
                  00007204    00000072     ExtFlash.obj (.text:ExtFlash_write)
                  00007276    00000002     SPICC26XXDMA.obj (.text:SPICC26XXDMA_serviceISR$21)
                  00007278    00000070     driverlib.lib : chipinfo.obj (.text:NOROM_ChipInfo_GetHwRevision)
                  000072e8    00000070     SensorI2C.obj (.text:SensorI2C_select)
                  00007358    00000070     sensortag_hum.obj (.text:sensorTaskFxn$6)
                  000073c8    00000070     sysbios.aem3 : BIOS.obj (.text:ti_sysbios_knl_Task_sleep__E)
                  00007438    0000006c     icall.obj (.text:ICall_heapInit)
                  000074a4    0000006c     driverlib.lib : setup_rom.obj (.text:NOROM_SetupGetTrimForAmpcompCtrl)
                  00007510    0000006c     drivers_cc26xxware.aem3 : PowerCC26XX.oem3 (.text:PowerCC26XX_calibrate)
                  0000757c    0000006c     SensorMpu9250.obj (.text:SensorMpu9250_reset)
                  000075e8    0000006c     gattservapp_util.obj (.text:gattServApp_SendNotiInd$42)
                  00007654    0000006c     movementservice.obj (.text:sensor_ReadAttrCB$46)
                  000076c0    0000006c     sysbios.aem3 : BIOS.obj (.text:xdc_runtime_Memory_alloc__E)
                  0000772c    0000006a     rtsv7M3_T_le_eabi.lib : copy_decompress_rle.obj (.text)
                  00007796    00000002     RFCC26XX_singleMode.obj (.text:defaultErrCb$19)
                  00007798    00000068     driverlib.lib : setup_rom.obj (.text:NOROM_SetupGetTrimForAnabypassValue1)
                  00007800    00000068                   : sys_ctrl.obj (.text:NOROM_SysCtrl_DCDC_VoltageConditionalControl)
                  00007868    00000068     oad_target_external_flash.obj (.text:OADTarget_getCurrentImageHeader)
                  000078d0    00000068     sensortag_conn_ctrl.obj (.text:SensorTagConnectionControl_update)
                  00007938    00000068     sensortag_factoryreset.obj (.text:SensorTagFactoryReset_extFlashErase)
                  000079a0    00000068     SensorTmp007.obj (.text:SensorTmp007_read)
                  00007a08    00000068     sensortag_mov.obj (.text:appStateSet$9)
                  00007a70    00000068     RFCC26XX_singleMode.obj (.text:decActiveClientCnt$19)
                  00007ad8    00000068     sysbios.aem3 : BIOS.obj (.text:ti_sysbios_knl_Clock_startI__E)
                  00007b40    00000068                  : BIOS.obj (.text:ti_sysbios_knl_Swi_restoreHwi__E)
                  00007ba8    00000066     SensorHdc1000.obj (.text:SensorHdc1000_test)
                  00007c0e    00000002     drivers_cc26xxware.aem3 : PowerCC26XX.oem3 (.text:emptyClockFunc)
                  00007c10    00000064     I2CCC26XX.obj (.text:I2CCC26XX_close)
                  00007c74    00000064     PINCC26XX.obj (.text:PIN_add)
                  00007cd8    00000064     sysbios.aem3 : BIOS.obj (.text:ti_sysbios_family_arm_cc26xx_Timer_start__E)
                  00007d3c    00000064                  : BIOS.obj (.text:ti_sysbios_knl_Semaphore_post__E)
                  00007da0    00000062     barometerservice.obj (.text:sensor_ReadAttrCB$37)
                  00007e02    00000002     sysbios.aem3 : BIOS.obj (.text:ti_sysbios_BIOS_linkedWithIncorrectBootLibrary__E)
                  00007e04    00000060     I2CCC26XX.obj (.text:I2CCC26XX_initIO$17)
                  00007e64    00000060     icall.obj (.text:ICall_primEnroll$24)
                  00007ec4    00000060     oad.obj (.text:OAD_sendStatus$47)
                  00007f24    00000060     drivers_cc26xxware.aem3 : PowerCC26XX_calibrateRCOSC.oem3 (.text:PowerCC26XX_RCOSC_clockFunc)
                  00007f84    00000060     RFCC26XX_singleMode.obj (.text:RF_getCurrentTime)
                  00007fe4    00000060     battservice.obj (.text:battReadAttrCB$38)
                  00008044    00000060     drivers_cc26xxware.aem3 : PowerCC26XX_calibrateRCOSC.oem3 (.text:updateSubSecInc)
                  000080a4    0000005c     barometerservice.obj (.text:Barometer_setParameter)
                  00008100    0000005c     ExtFlash.obj (.text:ExtFlash_erase)
                  0000815c    0000005c     icall.obj (.text:ICall_primThreadServes$24)
                  000081b8    0000005c     driverlib.lib : osc.obj (.text:NOROM_OSCHF_AttemptToSwitchToXosc)
                  00008214    0000005c                   : sys_ctrl.obj (.text:NOROM_SysCtrlAdjustRechargeAfterPowerDown)
                  00008270    0000005c     oad_target_external_flash.obj (.text:OADTarget_validateNewImage)
                  000082cc    0000005c     oad.obj (.text:OAD_getNextBlockReq$47)
                  00008328    0000005c     SensorMpu9250.obj (.text:SensorMpu9250_magReset)
                  00008384    0000005c     SensorMpu9250.obj (.text:SensorMpu9250_test)
                  000083e0    0000005c     UDMACC26XX.obj (.text:UDMACC26XX_open)
                  0000843c    0000005c     RFCC26XX_singleMode.obj (.text:applyRfCorePatch$19)
                  00008498    0000005c     RFCC26XX_singleMode.obj (.text:fsmXOSCState$19)
                  000084f4    0000005c     SensorMpu9250.obj (.text:sensorMpu9250WakeUp$32)
                  00008550    0000005c     sysbios.aem3 : BIOS.obj (.text:ti_sysbios_knl_Task_Module_startup__E)
                  000085ac    0000005c                  : BIOS.obj (.text:ti_sysbios_knl_Task_startCore__E)
                  00008608    0000005a     SPICC26XXDMA.obj (.text:SPICC26XXDMA_close)
                  00008662    0000005a     humidityservice.obj (.text:sensor_ReadAttrCB$43)
                  000086bc    0000005a     irtempservice.obj (.text:sensor_ReadAttrCB$45)
                  00008716    0000005a     opticservice.obj (.text:sensor_ReadAttrCB$49)
                  00008770    00000058     humidityservice.obj (.text:Humidity_setParameter)
                  000087c8    00000058     irtempservice.obj (.text:IRTemp_setParameter)
                  00008820    00000058     movementservice.obj (.text:Movement_setParameter)
                  00008878    00000058     oad.obj (.text:OAD_addService)
                  000088d0    00000058     PINCC26XX.obj (.text:PIN_remove)
                  00008928    00000058     drivers_cc26xxware.aem3 : PowerCC26XX_calibrateRCOSC.oem3 (.text:PowerCC26XX_initiateCalibration)
                  00008980    00000058     SPICC26XXDMA.obj (.text:SPICC26XXDMA_initHw$21)
                  000089d8    00000058     sensortag_keys.obj (.text:processGapStateChange$8)
                  00008a30    00000058     sysbios.aem3 : BIOS.obj (.text:ti_sysbios_family_arm_m3_Hwi_postInit__I)
                  00008a88    00000058                  : BIOS.obj (.text:ti_sysbios_knl_Swi_Instance_init__E)
                  00008ae0    00000058                  : BIOS.obj (.text:ti_sysbios_knl_Swi_run__I)
                  00008b38    00000056     sensortag.obj (.text:SensorTag_processCharValueChangeEvt$0)
                  00008b8e    00000054     I2CCC26XX.obj (.text:I2CCC26XX_swiFxn$17)
                  00008be2    00000002     app_ble_pem3.oem3 (.text:ti_sysbios_BIOS_nullFunc__I)
                  00008be4    00000054     opticservice.obj (.text:Optic_setParameter)
                  00008c38    00000054     SPICC26XXDMA.obj (.text:SPICC26XXDMA_swiFxn$21)
                  00008c8c    00000054     SensorI2C.obj (.text:SensorI2C_open)
                  00008ce0    00000054     sensortag_mov.obj (.text:SensorTagMov_init)
                  00008d34    00000054     util.obj (.text:Util_rescheduleClock)
                  00008d88    00000054     sensortag_factoryreset.obj (.text:calcImageCRC$5)
                  00008ddc    00000054     drivers_cc26xxware.aem3 : PowerCC26XX.oem3 (.text:configureXOSCHF)
                  00008e30    00000054     RFCC26XX_singleMode.obj (.text:hwiFxnHw$19)
                  00008e84    00000054     RFCC26XX_singleMode.obj (.text:ratChanFree$19)
                  00008ed8    00000054     sysbios.aem3 : BIOS.obj (.text:ti_sysbios_family_arm_m3_Hwi_dispatchC__I)
                  00008f2c    00000054                  : BIOS.obj (.text:ti_sysbios_knl_Swi_schedule__I)
                  00008f80    00000052     icall.obj (.text:ICall_primWait$24)
                  00008fd2    00000052     sensortag_conn_ctrl.obj (.text:SensorTagConnControl_processCharChangeEvt)
                  00009024    00000050     ExtFlash.obj (.text:ExtFlash_read)
                  00009074    00000050     icall_api.obj (.text:GAP_DeviceInit)
                  000090c4    00000050     icall_api.obj (.text:GAP_UpdateAdvertisingData)
                  00009114    00000050     icall.obj (.text:ICall_primRegisterApp$24)
                  00009164    00000050     driverlib.lib : setup_rom.obj (.text:NOROM_SetupSetCacheModeAccordingToCcfgSetting)
                  000091b4    00000050     RFCC26XX_singleMode.obj (.text:RF_getInfo)
                  00009204    00000050     oad.obj (.text:checkDL$47)
                  00009254    00000050     RFCC26XX_singleMode.obj (.text:syncCb$19)
                  000092a4    00000050     sysbios.aem3 : BIOS.obj (.text:ti_sysbios_knl_Swi_runLoop__I)
                  000092f4    00000050                  : BIOS.obj (.text:xdc_runtime_Startup_exec__E)
                  00009344    0000004e     SensorOpt3001.obj (.text:SensorOpt3001_test)
                  00009392    0000004e     ccservice.obj (.text:ccService_ReadAttrCB$39)
                  000093e0    0000004e     ioservice.obj (.text:io_ReadAttrCB$44)
                  0000942e    00000002     sysbios.aem3 : BIOS.obj (.text:ti_sysbios_gates_GateHwi_Instance_init__E)
                  00009430    0000004c     ExtFlash.obj (.text:ExtFlash_waitReady$28)
                  0000947c    0000004c     icall_cc2650.obj (.text:ICallPlatform_pwrRegisterNotify)
                  000094c8    0000004c     icall.obj (.text:ICall_newTask$24)
                  00009514    0000004c     icall.obj (.text:ICall_primGetEntityId$24)
                  00009560    0000004c     driverlib.lib : osc.obj (.text:NOROM_OSCClockSourceSet)
                  000095ac    0000004c     sensortag_opt.obj (.text:SensorTagOpt_init)
                  000095f8    0000004c     sensortag.obj (.text:SensorTag_setDeviceInfo$0)
                  00009644    0000004c     util.obj (.text:Util_constructClock)
                  00009690    0000004c     battservice.obj (.text:battWriteAttrCB$38)
                  000096dc    0000004c     peripheral.obj (.text:gapRole_processStackMsg$50)
                  00009728    0000004c     rtsv7M3_T_le_eabi.lib : cpy_tbl.obj (.text)
                  00009774    0000004c     sysbios.aem3 : m3_TaskSupport_asm.obj (.text:ti_sysbios_family_arm_m3_TaskSupport_buildTaskStack)
                  000097c0    0000004c                  : BIOS.obj (.text:ti_sysbios_knl_Task_schedule__I)
                  0000980c    0000004a     gattservapp_util.obj (.text:GATTServApp_ProcessCCCWriteReq)
                  00009856    0000004a     SensorOpt3001.obj (.text:SensorOpt3001_read)
                  000098a0    00000048     I2CCC26XX.obj (.text:I2CCC26XX_initHw$17)
                  000098e8    00000048     driverlib.lib : chipinfo.obj (.text:NOROM_ChipInfo_GetChipFamily)
                  00009930    00000048                   : ddi.obj (.text:NOROM_DDI16BitfieldWrite)
                  00009978    00000048     sensortag_io.obj (.text:SensorTagIO_reset)
                  000099c0    00000048     sensortag_oad.obj (.text:SensorTag_processOadWriteCB$10)
                  00009a08    00000048     battservice.obj (.text:battNotify$38)
                  00009a50    00000048     icall_api.obj (.text:gattIndNoti$27)
                  00009a98    00000048     drivers_cc26xxware.aem3 : PowerCC26XX.oem3 (.text:notify)
                  00009ae0    00000048     sysbios.aem3 : BIOS.obj (.text:ti_sysbios_family_arm_m3_Hwi_Module_startup__E)
                  00009b28    00000048                  : m3_Hwi_asm_switch.obj (.text:ti_sysbios_family_arm_m3_Hwi_initStacks__E)
                  00009b70    00000048     app_ble_pem3.oem3 (.text:ti_sysbios_hal_Hwi_create)
                  00009bb8    00000048     sensortag_register.obj (.text:writeRegister$12)
                  00009c00    00000048     sysbios.aem3 : BIOS.obj (.text:xdc_runtime_Core_assignParams__I)
                  00009c48    00000048                  : BIOS.obj (.text:xdc_runtime_Core_constructObject__I)
                  00009c90    00000044     icall_api.obj (.text:GAP_TerminateLinkReq)
                  00009cd4    00000044     PINCC26XX.obj (.text:PIN_swi$18)
                  00009d18    00000044     SensorHdc1000.obj (.text:SensorHdc1000_read)
                  00009d5c    00000044     SensorMpu9250.obj (.text:SensorMpu9250_accSetRange)
                  00009da0    00000044     sensortag_io.obj (.text:SensorTagIO_blinkLed)
                  00009de4    00000044     boot.aem3 : boot.oem3 (.text)
                  00009e28    00000044     icall_api.obj (.text:gapSendParamAndPtrCmd$27)
                  00009e6c    00000044     rtsv7M3_T_le_eabi.lib : exit.obj (.text)
                  00009eb0    00000044     SensorMpu9250.obj (.text:sensorMpu9250SetBypass$32)
                  00009ef4    00000044     app_ble_pem3.oem3 (.text:ti_sysbios_family_arm_m3_Hwi_Object__create__S)
                  00009f38    00000044     sysbios.aem3 : BIOS.obj (.text:ti_sysbios_family_arm_m3_Hwi_disableInterrupt__E)
                  00009f7c    00000044                  : BIOS.obj (.text:ti_sysbios_family_arm_m3_Hwi_enableInterrupt__E)
                  00009fc0    00000044                  : BIOS.obj (.text:ti_sysbios_knl_Swi_post__E)
                  0000a004    00000044                  : BIOS.obj (.text:ti_sysbios_knl_Task_allBlockedFunction__I)
                  0000a048    00000044     app_ble_pem3.oem3 (.text:ti_sysbios_knl_Task_create)
                  0000a08c    00000042     icall.obj (.text:ICall_primCreateTask$24)
                  0000a0ce    00000002     sysbios.aem3 : BIOS.obj (.text:ti_sysbios_knl_Clock_logTick__E)
                  0000a0d0    00000040     ExtFlash.obj (.text:ExtFlash_open)
                  0000a110    00000040     ExtFlash.obj (.text:ExtFlash_readInfo$28)
                  0000a150    00000040     peripheral.obj (.text:GAPRole_createTask)
                  0000a190    00000040     driverlib.lib : ddi.obj (.text:NOROM_DDI16BitfieldRead)
                  0000a1d0    00000040     oad_target_external_flash.obj (.text:OADTarget_storeImageHeader)
                  0000a210    00000040     RFCC26XX_singleMode.obj (.text:RF_getRssi)
                  0000a250    00000040     simplekeys.obj (.text:SK_readAttrCB$52)
                  0000a290    00000040     SensorI2C.obj (.text:SensorI2C_read)
                  0000a2d0    00000040     SensorMpu9250.obj (.text:SensorMpu9250_magTest)
                  0000a310    00000040     sensortag_factoryreset.obj (.text:SensorTagFactoryReset_applyFactoryImage)
                  0000a350    00000040     sensortag_oad.obj (.text:SensorTagOad_processEvent)
                  0000a390    00000040     SensorTmp007.obj (.text:SensorTmp007_enable)
                  0000a3d0    00000040     ExtFlash.obj (.text:extFlashVerifyPart$28)
                  0000a410    00000040     SensorMpu9250.obj (.text:sensorMagEnable$32)
                  0000a450    00000040     SensorMpu9250.obj (.text:sensorMpuSleep$32)
                  0000a490    00000040     sysbios.aem3 : BIOS.obj (.text:ti_sysbios_family_arm_m3_Hwi_getStackInfo__E)
                  0000a4d0    00000040                  : BIOS.obj (.text:xdc_runtime_HeapMin_alloc__E)
                  0000a510    0000003c     icall_api.obj (.text:GAP_GetParamValue)
                  0000a54c    0000003c     icall_api.obj (.text:GATTServApp_RegisterService)
                  0000a588    0000003c     icall_cc2650.obj (.text:ICallPlatform_pwrConfigACAction)
                  0000a5c4    0000003c     driverlib.lib : osc.obj (.text:NOROM_OSC_HPOSCRelativeFrequencyOffsetGet)
                  0000a600    0000003c                   : rfc.obj (.text:NOROM_RFCSynthPowerDown)
                  0000a63c    0000003c     PINCC26XX.obj (.text:PINCC26XX_getConfig)
                  0000a678    0000003c     RFCC26XX_singleMode.obj (.text:RF_runCmd)
                  0000a6b4    0000003c     registerservice.obj (.text:Register_setParameter)
                  0000a6f0    0000003c     SPICC26XXDMA.obj (.text:SPICC26XXDMA_csnCallback$21)
                  0000a72c    0000003c     SensorBmp280.obj (.text:SensorBmp280_read)
                  0000a768    0000003c     SensorI2C.obj (.text:SensorI2C_writeRead)
                  0000a7a4    0000003c     SensorMpu9250.obj (.text:SensorMpu9250_accRead)
                  0000a7e0    0000003c     sensortag_bar.obj (.text:SensorTagBar_createTask)
                  0000a81c    0000003c     sensortag_buzzer.obj (.text:SensorTagBuzzer_open)
                  0000a858    0000003c     sensortag_buzzer.obj (.text:SensorTagBuzzer_setFrequency)
                  0000a894    0000003c     sensortag_hum.obj (.text:SensorTagHum_createTask)
                  0000a8d0    0000003c     sensortag_tmp.obj (.text:SensorTagTmp_createTask)
                  0000a90c    0000003c     sensortag.obj (.text:SensorTag_createTask)
                  0000a948    0000003c     RFCC26XX_singleMode.obj (.text:dispatchOpWhen$19)
                  0000a984    0000003c     oad.obj (.text:oadReadAttrCB$47)
                  0000a9c0    0000003c     RFCC26XX_singleMode.obj (.text:postDirImmCmd$19)
                  0000a9fc    0000003c     icall_api.obj (.text:profileSetParameter$27)
                  0000aa38    0000003c     icall_api.obj (.text:sendWaitMatchCS$27)
                  0000aa74    0000003c     icall_api.obj (.text:sendWaitMatchValueCS$27)
                  0000aab0    0000003c     app_ble_pem3.oem3 (.text:ti_sysbios_family_arm_m3_Hwi_construct)
                  0000aaec    0000003a     SensorMpu9250.obj (.text:SensorMpu9250_irqStatus)
                  0000ab26    0000003a     sysbios.aem3 : BIOS.obj (.text:ti_sysbios_knl_Task_exit__E)
                  0000ab60    00000038     icall_api.obj (.text:GAPBondMgr_LinkEst)
                  0000ab98    00000038     I2C.obj (.text:I2C_init)
                  0000abd0    00000038     icall.obj (.text:ICall_primGetMaxMSecs$24)
                  0000ac08    00000038     SensorI2C.obj (.text:SensorI2C_write)
                  0000ac40    00000038     SensorMpu9250.obj (.text:SensorMpu9250_gyroRead)
                  0000ac78    00000038     sensortag_opt.obj (.text:SensorTagOpt_reset)
                  0000acb0    00000038     util.obj (.text:Util_restartClock)
                  0000ace8    00000038     battservice.obj (.text:battMeasure$38)
                  0000ad20    00000038     battservice.obj (.text:battNotifyLevel$38)
                  0000ad58    00000038     peripheral.obj (.text:gapRole_HandleParamUpdateNoSuccess$50)
                  0000ad90    00000038     icall_api.obj (.text:linkDB_NumConns)
                  0000adc8    00000038     sysbios.aem3 : BIOS.obj (.text:ti_sysbios_family_arm_cc26xx_Timer_getCurrentTick__E)
                  0000ae00    00000038                  : BIOS.obj (.text:ti_sysbios_family_arm_m3_Hwi_Instance_finalize__E)
                  0000ae38    00000038                  : BIOS.obj (.text:ti_sysbios_knl_Clock_Instance_init__E)
                  0000ae70    00000038     app_ble_pem3.oem3 (.text:ti_sysbios_knl_Clock_create)
                  0000aea8    00000038     app_ble_pem3.oem3 (.text:ti_sysbios_knl_Swi_construct)
                  0000aee0    00000038     app_ble_pem3.oem3 (.text:ti_sysbios_knl_Task_construct)
                  0000af18    00000038     sysbios.aem3 : BIOS.obj (.text:xdc_runtime_System_atexit__E)
                  0000af50    00000036     UDMACC26XX.obj (.text:UDMACC26XX_close)
                  0000af86    00000036     RFCC26XX_singleMode.obj (.text:updateImplicitState$19)
                  0000afbc    00000034     icall_api.obj (.text:GAPBondMgr_SetParameter)
                  0000aff0    00000034     peripheral.obj (.text:GAPRole_SendUpdateParam)
                  0000b024    00000034     icall_api.obj (.text:GAP_SetParamValue)
                  0000b058    00000034     icall.obj (.text:ICall_primEntityId2ServiceId$24)
                  0000b08c    00000034     icall.obj (.text:ICall_primFetchMsg$24)
                  0000b0c0    00000034     icall.obj (.text:ICall_primRegisterISR$24)
                  0000b0f4    00000034     icall.obj (.text:ICall_primRegisterISR_Ext$24)
                  0000b128    00000034     icall.obj (.text:ICall_searchServiceEntity)
                  0000b15c    00000034     ioservice.obj (.text:Io_setParameter)
                  0000b190    00000034     driverlib.lib : osc.obj (.text:NOROM_OSCHF_SwitchToRcOscTurnOffXosc)
                  0000b1c4    00000034                   : trng.obj (.text:NOROM_TRNGConfigure)
                  0000b1f8    00000034     PINCC26XX.obj (.text:PIN_setOutputValue)
                  0000b22c    00000034     drivers_cc26xxware.aem3 : PowerCC26XX.oem3 (.text:PowerCC26XX_isStableXOSC_HF)
                  0000b260    00000034     RFCC26XX_singleMode.obj (.text:Q_push$19)
                  0000b294    00000034     registerservice.obj (.text:Register_getParameter)
                  0000b2c8    00000034     SensorBmp280.obj (.text:SensorBmp280_init)
                  0000b2fc    00000034     SensorMpu9250.obj (.text:SensorMpu9250_enable)
                  0000b330    00000034     sensortag_keys.obj (.text:SensorTagKeys_processKeyLeft)
                  0000b364    00000034     sensortag_keys.obj (.text:SensorTagKeys_processKeyRight)
                  0000b398    00000034     sensortag_keys.obj (.text:SensorTagKeys_processRelay)
                  0000b3cc    00000034     icall_api.obj (.text:osal_snv_read)
                  0000b400    00000034     icall_api.obj (.text:osal_snv_write)
                  0000b434    00000034     icall_api.obj (.text:profileAddService$27)
                  0000b468    00000034     sysbios.aem3 : BIOS.obj (.text:ti_sysbios_family_arm_cc26xx_Timer_initDevice__I)
                  0000b49c    00000034     app_ble_pem3.oem3 (.text:ti_sysbios_knl_Clock_construct)
                  0000b4d0    00000034     app_ble_pem3.oem3 (.text:ti_sysbios_knl_Semaphore_create)
                  0000b504    00000034     sysbios.aem3 : BIOS.obj (.text:ti_sysbios_knl_Swi_restore__E)
                  0000b538    00000034                  : BIOS.obj (.text:ti_sysbios_knl_Task_blockI__E)
                  0000b56c    00000032     icall_api.obj (.text:gapSendParamsCmd$27)
                  0000b59e    00000032     icall_api.obj (.text:gapSendPtrParamsCmd$27)
                  0000b5d0    00000032     main.obj (.text:main)
                  0000b602    00000032     icall_api.obj (.text:matchGapSetGetParamCS$27)
                  0000b634    00000032     icall_api.obj (.text:matchGattCmdStatus$27)
                  0000b666    00000032     icall_api.obj (.text:matchUtilNvCS$27)
                  0000b698    00000032     sysbios.aem3 : BIOS.obj (.text:ti_sysbios_family_arm_cc26xx_Timer_setNextTick__E)
                  0000b6ca    00000002                  : BIOS.obj (.text:ti_sysbios_knl_Clock_triggerFunc__I)
                  0000b6cc    00000030     ExtFlash.obj (.text:ExtFlash_close)
                  0000b6fc    00000030     icall_cc2650.obj (.text:ICallPlatform_pwrNotify$25)
                  0000b72c    00000030     icall.obj (.text:ICall_msecs2Ticks$24)
                  0000b75c    00000030     icall.obj (.text:ICall_searchTask$24)
                  0000b78c    00000030     movementservice.obj (.text:Movement_getParameter)
                  0000b7bc    00000030     driverlib.lib : setup_rom.obj (.text:NOROM_SetupSetAonRtcSubSecInc)
                  0000b7ec    00000030     PINCC26XX.obj (.text:PIN_setInterrupt)
                  0000b81c    00000030     drivers_cc26xxware.aem3 : PowerCC26XX.oem3 (.text:Power_releaseConstraint)
                  0000b84c    00000030                             : PowerCC26XX.oem3 (.text:Power_setConstraint)
                  0000b87c    00000030     SensorMpu9250.obj (.text:SensorMpu9250_powerOn)
                  0000b8ac    00000030     ExtFlash.obj (.text:Spi_open$28)
                  0000b8dc    00000030     ExtFlash.obj (.text:Spi_read$28)
                  0000b90c    00000030     ExtFlash.obj (.text:Spi_write$28)
                  0000b93c    00000030     oad.obj (.text:crc16$47)
                  0000b96c    00000030     sensortag_factoryreset.obj (.text:crc16$5)
                  0000b99c    00000030     oad_target_external_flash.obj (.text:saveImageInfo)
                  0000b9cc    00000030     SensorMpu9250.obj (.text:sensorMpu9250SelectAxes$32)
                  0000b9fc    00000030     app_ble_pem3.oem3 (.text:ti_sysbios_BIOS_atExitFunc__I)
                  0000ba2c    00000030     app_ble_pem3.oem3 (.text:ti_sysbios_BIOS_startFunc__I)
                  0000ba5c    00000030     sysbios.aem3 : BIOS.obj (.text:ti_sysbios_family_arm_cc26xx_Timer_setThreshold__I)
                  0000ba8c    00000030     app_ble_pem3.oem3 (.text:ti_sysbios_gates_GateHwi_Object__create__S)
                  0000babc    00000030     app_ble_pem3.oem3 (.text:ti_sysbios_gates_GateMutex_Object__create__S)
                  0000baec    00000030     sysbios.aem3 : BIOS.obj (.text:ti_sysbios_gates_GateMutex_enter__E)
                  0000bb1c    00000030     app_ble_pem3.oem3 (.text:ti_sysbios_knl_Semaphore_construct)
                  0000bb4c    00000030     sysbios.aem3 : BIOS.obj (.text:ti_sysbios_knl_Task_processVitalTaskFlag__I)
                  0000bb7c    00000030     app_ble_pem3.oem3 (.text:xdc_runtime_HeapMin_Object__create__S)
                  0000bbac    00000030     sysbios.aem3 : BIOS.obj (.text:xdc_runtime_HeapMin_free__E)
                  0000bbdc    00000030                  : BIOS.obj (.text:xdc_runtime_System_processAtExit__E)
                  0000bc0c    0000002e     icall_cc2650.obj (.text:ICallPlatform_pwrDispenseImpl$25)
                  0000bc3a    0000002e     icall_cc2650.obj (.text:ICallPlatform_pwrRequireImpl$25)
                  0000bc68    0000002e     sensortag.obj (.text:ICall_fetchServiceMsg$0)
                  0000bc96    0000002e     peripheral.obj (.text:ICall_fetchServiceMsg$50)
                  0000bcc4    0000002e     icall.obj (.text:ICall_msgDequeue$24)
                  0000bcf2    0000002e     simplekeys.obj (.text:SK_writeAttrCB$52)
                  0000bd20    0000002e     SensorOpt3001.obj (.text:SensorOpt3001_enable)
                  0000bd4e    0000002e     icall_api.obj (.text:matchProfileAddServiceCS$27)
                  0000bd7c    0000002e     sysbios.aem3 : BIOS.obj (.text:ti_sysbios_family_arm_m3_TaskSupport_start__E)
                  0000bdaa    00000002                  : BIOS.obj (.text:ti_sysbios_knl_Swi_Instance_finalize__E)
                  0000bdac    0000002c     ExtFlash.obj (.text:ExtFlash_writeEnable$28)
                  0000bdd8    0000002c     icall_api.obj (.text:GAPBondMgr_Register)
                  0000be04    0000002c     icall.obj (.text:ICall_heapFree)
                  0000be30    0000002c     barometerservice.obj (.text:ICall_malloc$37)
                  0000be5c    0000002c     battservice.obj (.text:ICall_malloc$38)
                  0000be88    0000002c     ccservice.obj (.text:ICall_malloc$39)
                  0000beb4    0000002c     humidityservice.obj (.text:ICall_malloc$43)
                  0000bee0    0000002c     ioservice.obj (.text:ICall_malloc$44)
                  0000bf0c    0000002c     irtempservice.obj (.text:ICall_malloc$45)
                  0000bf38    0000002c     movementservice.obj (.text:ICall_malloc$46)
                  0000bf64    0000002c     oad.obj (.text:ICall_malloc$47)
                  0000bf90    0000002c     opticservice.obj (.text:ICall_malloc$49)
                  0000bfbc    0000002c     simplekeys.obj (.text:ICall_malloc$52)
                  0000bfe8    0000002c     icall.obj (.text:ICall_msgEnqueue$24)
                  0000c014    0000002c     icall.obj (.text:ICall_primAllocMsg$24)
                  0000c040    0000002c     icall.obj (.text:ICall_primFetchServiceMsg$24)
                  0000c06c    0000002c     icall_api.obj (.text:ICall_sendServiceMsg$27)
                  0000c098    0000002c     driverlib.lib : ddi.obj (.text:NOROM_DDI32RegWrite)
                  0000c0c4    0000002c                   : setup_rom.obj (.text:NOROM_SetupGetTrimForRadcExtCfg)
                  0000c0f0    0000002c     PINCC26XX.obj (.text:PINCC26XX_setMux)
                  0000c11c    0000002c     PINCC26XX.obj (.text:PIN_setConfig)
                  0000c148    0000002c     SensorHdc1000.obj (.text:SensorHdc1000_init)
                  0000c174    0000002c     SensorHdc1000.obj (.text:SensorHdc1000_start)
                  0000c1a0    0000002c     SensorI2C.obj (.text:SensorI2C_writeReg)
                  0000c1cc    0000002c     SensorMpu9250.obj (.text:SensorMpu9250_init)
                  0000c1f8    0000002c     sensortag_bar.obj (.text:SensorTagBar_init)
                  0000c224    0000002c     sensortag_batt.obj (.text:SensorTagBatt_init)
                  0000c250    0000002c     sensortag_hum.obj (.text:SensorTagHum_init)
                  0000c27c    0000002c     sensortag_keys.obj (.text:SensorTagKeys_init)
                  0000c2a8    0000002c     sensortag_mov.obj (.text:SensorTagMov_reset)
                  0000c2d4    0000002c     ExtFlash.obj (.text:extFlashPowerStandby$28)
                  0000c300    0000002c     RFCC26XX_singleMode.obj (.text:getCmd$19)
                  0000c32c    0000002c     sysbios.aem3 : BIOS.obj (.text:ti_sysbios_hal_Hwi_initStack)
                  0000c358    0000002c                  : BIOS.obj (.text:ti_sysbios_knl_Clock_getTicksUntilInterrupt__E)
                  0000c384    0000002c     app_ble_pem3.oem3 (.text:ti_sysbios_knl_Queue_construct)
                  0000c3b0    0000002c     sysbios.aem3 : BIOS.obj (.text:ti_sysbios_knl_Semaphore_pendTimeout__I)
                  0000c3dc    0000002c                  : BIOS.obj (.text:ti_sysbios_knl_Task_unblockI__E)
                  0000c408    0000002c     st_util.obj (.text:utilExtractUuid16)
                  0000c434    0000002a     icall_api.obj (.text:ICall_waitMatch$27)
                  0000c45e    0000002a     TRNGCC26XX.obj (.text:TRNGCC26XX_isParamValid)
                  0000c488    0000002a     util.obj (.text:Util_enqueueMsg)
                  0000c4b2    0000002a     icall_api.obj (.text:matchProfileCS$27)
                  0000c4dc    00000028     barometerservice.obj (.text:Barometer_addService)
                  0000c504    00000028     battservice.obj (.text:Batt_AddService)
                  0000c52c    00000028     ccservice.obj (.text:CcService_addService)
                  0000c554    00000028     ccservice.obj (.text:CcService_setParameter)
                  0000c57c    00000028     gattservapp_util.obj (.text:GATTServApp_WriteCharCfg)
                  0000c5a4    00000028     humidityservice.obj (.text:Humidity_addService)
                  0000c5cc    00000028     icall.obj (.text:ICall_init)
                  0000c5f4    00000028     icall.obj (.text:ICall_msgPrepend$24)
                  0000c61c    00000028     sensortag.obj (.text:ICall_registerApp$0)
                  0000c644    00000028     sensortag_tmp.obj (.text:ICall_registerApp$13)
                  0000c66c    00000028     sensortag_bar.obj (.text:ICall_registerApp$1)
                  0000c694    00000028     peripheral.obj (.text:ICall_registerApp$50)
                  0000c6bc    00000028     sensortag_hum.obj (.text:ICall_registerApp$6)
                  0000c6e4    00000028     irtempservice.obj (.text:IRTemp_addService)
                  0000c70c    00000028     ioservice.obj (.text:Io_addService)
                  0000c734    00000028     movementservice.obj (.text:Movement_addService)
                  0000c75c    00000028     driverlib.lib : aon_batmon.obj (.text:NOROM_AONBatMonTemperatureGetDegC)
                  0000c784    00000028     opticservice.obj (.text:Optic_addService)
                  0000c7ac    00000028     drivers_cc26xxware.aem3 : PowerCC26XX.oem3 (.text:PowerCC26XX_switchXOSC_HF)
                  0000c7d4    00000028                             : PowerCC26XX.oem3 (.text:Power_registerNotify)
                  0000c7fc    00000028     simplekeys.obj (.text:SK_AddService)
                  0000c824    00000028     simplekeys.obj (.text:SK_SetParameter)
                  0000c84c    00000028     SPICC26XXDMA.obj (.text:SPICC26XXDMA_flushFifos$21)
                  0000c874    00000028     driverlib.lib : adi.obj (.text:SafeHapiVoid)
                  0000c89c    00000028     SensorBmp280.obj (.text:SensorBmp280_enable)
                  0000c8c4    00000028     sensortag_bar.obj (.text:SensorTagBar_reset)
                  0000c8ec    00000028     sensortag_buzzer.obj (.text:SensorTagBuzzer_close)
                  0000c914    00000028     sensortag_conn_ctrl.obj (.text:SensorTagConnControl_paramUpdateCB)
                  0000c93c    00000028     sensortag_oad.obj (.text:SensorTagOad_init)
                  0000c964    00000028     sensortag_tmp.obj (.text:SensorTagTmp_init)
                  0000c98c    00000028     sensortag_tmp.obj (.text:SensorTagTmp_reset)
                  0000c9b4    00000028     sensortag.obj (.text:SensorTag_enqueueMsg$0)
                  0000c9dc    00000028     sensortag.obj (.text:SensorTag_resetAllModules$0)
                  0000ca04    00000028     TRNGCC26XX.obj (.text:TRNGCC26XX_init)
                  0000ca2c    00000028     RFCC26XX_singleMode.obj (.text:clkPowerUpFxn$19)
                  0000ca54    00000028     sensortag_keys.obj (.text:configureRelay$8)
                  0000ca7c    00000028     gattservapp_util.obj (.text:gattServApp_FindCharCfgItem$42)
                  0000caa4    00000028     sysbios.aem3 : BIOS.obj (.text:ti_sysbios_family_arm_cc26xx_Timer_getMaxTicks__E)
                  0000cacc    00000028                  : BIOS.obj (.text:ti_sysbios_knl_Clock_addI__E)
                  0000caf4    00000028                  : BIOS.obj (.text:ti_sysbios_knl_Task_restore__E)
                  0000cb1c    00000026     drivers_cc26xxware.aem3 : List.oem3 (.text:List_put)
                  0000cb42    00000026     sysbios.aem3 : BIOS.obj (.text:ti_sysbios_hal_Hwi_Instance_init__E)
                  0000cb68    00000024     barometerservice.obj (.text:Barometer_getParameter)
                  0000cb8c    00000024     icall_api.obj (.text:GAPBondMgr_LinkTerm)
                  0000cbb0    00000024     I2C.obj (.text:I2C_open)
                  0000cbd4    00000024     icall_api.obj (.text:ICall_getLocalMsgEntityId$27)
                  0000cbf8    00000024     icall_api.obj (.text:ICall_threadServes$27)
                  0000cc1c    00000024     PINCC26XX.obj (.text:PINCC26XX_getPinCount)
                  0000cc40    00000024     SPI.obj (.text:SPI_open)
                  0000cc64    00000024     SensorMpu9250.obj (.text:SensorMpu9250_powerOff)
                  0000cc88    00000024     sensortag_hum.obj (.text:SensorTagHum_reset)
                  0000ccac    00000024     sensortag_opt.obj (.text:SensorTagOpt_processSensorEvent)
                  0000ccd0    00000024     sensortag_register.obj (.text:SensorTagRegister_update)
                  0000ccf4    00000024     oad_target_external_flash.obj (.text:getImageFlag)
                  0000cd18    00000024     drivers_cc26xxware.aem3 : PowerCC26XX_calibrateRCOSC.oem3 (.text:getTdcSemaphore)
                  0000cd3c    00000024     RFCC26XX_singleMode.obj (.text:hwiFxnCpe0PowerFsm$19)
                  0000cd60    00000024     app_ble_pem3.oem3 (.text:ti_sysbios_BIOS_registerRTSLock__I)
                  0000cd84    00000024     app_ble_pem3.oem3 (.text:ti_sysbios_BIOS_removeRTSLock__I)
                  0000cda8    00000024     sysbios.aem3 : BIOS.obj (.text:ti_sysbios_family_arm_cc26xx_Timer_Module_startup__E)
                  0000cdcc    00000024                  : BIOS.obj (.text:ti_sysbios_family_arm_cc26xx_Timer_startup__E)
                  0000cdf0    00000024                  : BIOS.obj (.text:ti_sysbios_knl_Semaphore_Instance_init__E)
                  0000ce14    00000024                  : BIOS.obj (.text:ti_sysbios_knl_Swi_Module_startup__E)
                  0000ce38    00000022     icall.obj (.text:ICall_dispatch$24)
                  0000ce5a    00000022     sensortag.obj (.text:ICall_malloc$0)
                  0000ce7c    00000022     sensortag_oad.obj (.text:ICall_malloc$10)
                  0000ce9e    00000022     util.obj (.text:ICall_malloc$14)
                  0000cec0    00000022     rtsv7M3_T_le_eabi.lib : memcmp.obj (.text)
                  0000cee2    00000022     sysbios.aem3 : BIOS.obj (.text:ti_sysbios_family_arm_cc26xx_Timer_postInit__I)
                  0000cf04    00000020     gattservapp_util.obj (.text:GATTServApp_InitCharCfg)
                  0000cf24    00000020     humidityservice.obj (.text:Humidity_getParameter)
                  0000cf44    00000020     icall_api.obj (.text:ICall_allocMsg$27)
                  0000cf64    00000020     icall_api.obj (.text:ICall_getEntityId$27)
                  0000cf84    00000020     devinfoservice.obj (.text:ICall_malloc$40)
                  0000cfa4    00000020     icall.obj (.text:ICall_primService$24)
                  0000cfc4    00000020     icall.obj (.text:ICall_searchService$24)
                  0000cfe4    00000020     irtempservice.obj (.text:IRTemp_getParameter)
                  0000d004    00000020     driverlib.lib : rfc.obj (.text:NOROM_RFCDoorbellSendTo)
                  0000d024    00000020                   : rfc.obj (.text:NOROM_RFCRfTrimRead)
                  0000d044    00000020                   : setup_rom.obj (.text:NOROM_SetupGetTrimForXoscHfCtl)
                  0000d064    00000020     opticservice.obj (.text:Optic_getParameter)
                  0000d084    00000020     drivers_cc26xxware.aem3 : PowerCC26XX.oem3 (.text:Power_unregisterNotify)
                  0000d0a4    00000020     sensortag_batt.obj (.text:SensorTagBatt_reset)
                  0000d0c4    00000020     sensortag_io.obj (.text:SensorTagIO_init)
                  0000d0e4    00000020     sensortag_mov.obj (.text:SensorTagMov_processInterrupt$9)
                  0000d104    00000020     sensortag_opt.obj (.text:SensorTagOpt_clockHandler$11)
                  0000d124    00000020     UDMACC26XX.obj (.text:UDMACC26XX_initHw$23)
                  0000d144    00000020     RFCC26XX_singleMode.obj (.text:allocCmd$19)
                  0000d164    00000020     sensortag_mov.obj (.text:initCharacteristicValue$9)
                  0000d184    00000020     app_ble_pem3.oem3 (.text:ti_sysbios_BIOS_rtsLock__I)
                  0000d1a4    00000020     sysbios.aem3 : BIOS.obj (.text:ti_sysbios_family_arm_cc26xx_Timer_dynamicStub__E)
                  0000d1c4    00000020                  : m3_Hwi_asm.obj (.text:ti_sysbios_family_arm_m3_Hwi_excHandlerAsm__I)
                  0000d1e4    00000020                  : BIOS.obj (.text:ti_sysbios_family_arm_m3_Hwi_excHandler__I)
                  0000d204    00000020                  : BIOS.obj (.text:ti_sysbios_knl_Clock_Module_startup__E)
                  0000d224    00000020                  : BIOS.obj (.text:ti_sysbios_knl_Clock_getTicks__E)
                  0000d244    00000020                  : BIOS.obj (.text:ti_sysbios_knl_Clock_stop__E)
                  0000d264    00000020                  : BIOS.obj (.text:ti_sysbios_knl_Idle_run__E)
                  0000d284    00000020     app_ble_pem3.oem3 (.text:ti_sysbios_knl_Semaphore_Object__destruct__S)
                  0000d2a4    00000020     sysbios.aem3 : BIOS.obj (.text:ti_sysbios_knl_Task_restoreHwi__E)
                  0000d2c4    0000001e     icall.obj (.text:ICall_primSendServiceMsg$24)
                  0000d2e2    0000001e     PINCC26XX.obj (.text:PIN_close)
                  0000d300    0000001e     drivers_cc26xxware.aem3 : PowerCC26XX.oem3 (.text:Power_getTransitionLatency)
                  0000d31e    0000001e     sysbios.aem3 : m3_Hwi_asm_switch.obj (.text:ti_sysbios_family_xxx_Hwi_switchAndRunFunc)
                  0000d33c    0000001e     icall_api.obj (.text:waitMatchCS$27)
                  0000d35a    00000002     sysbios.aem3 : BIOS.obj (.text:xdc_runtime_Error_policySpin__E)
                  0000d35c    0000001c     battservice.obj (.text:Batt_MeasLevel)
                  0000d378    0000001c     icall_api.obj (.text:GATT_bm_alloc)
                  0000d394    0000001c     icall_api.obj (.text:GATT_bm_free)
                  0000d3b0    0000001c     icall.obj (.text:ICall_initPrim$24)
                  0000d3cc    0000001c     sensortag.obj (.text:ICall_wait$0)
                  0000d3e8    0000001c     peripheral.obj (.text:ICall_wait$50)
                  0000d404    0000001c     driverlib.lib : osc.obj (.text:NOROM_OSCClockSourceGet)
                  0000d420    0000001c                   : setup_rom.obj (.text:NOROM_SetupGetTrimForAmpcompTh2)
                  0000d43c    0000001c                   : setup_rom.obj (.text:NOROM_SetupGetTrimForRcOscLfRtuneCtuneTrim)
                  0000d458    0000001c     PINCC26XX.obj (.text:PINCC26XX_setIoCfgMux$18)
                  0000d474    0000001c     PINCC26XX.obj (.text:PIN_hwi$18)
                  0000d490    0000001c     RFCC26XX_singleMode.obj (.text:RF_runDirectCmd)
                  0000d4ac    0000001c     RFCC26XX_singleMode.obj (.text:RF_runImmediateCmd)
                  0000d4c8    0000001c     SPI.obj (.text:SPI_Params_init)
                  0000d4e4    0000001c     sensortag_batt.obj (.text:SensorTagBatt_processCharChangeEvt)
                  0000d500    0000001c     sensortag.obj (.text:SensorTag_processAppMsg$0)
                  0000d51c    0000001c     TRNGCC26XX.obj (.text:TRNGCC26XX_open)
                  0000d538    0000001c     icall_api.obj (.text:getStatusValueFromErrNo$27)
                  0000d554    0000001c     TRNGCC26XX.obj (.text:openTRNG)
                  0000d570    0000001c     app_ble_pem3.oem3 (.text:ti_sysbios_family_arm_m3_Hwi_Object__destruct__S)
                  0000d58c    0000001c     sysbios.aem3 : BIOS.obj (.text:ti_sysbios_family_arm_m3_Hwi_setPriority__E)
                  0000d5a8    0000001c                  : BIOS.obj (.text:ti_sysbios_gates_GateMutex_Instance_init__E)
                  0000d5c4    0000001c     app_ble_pem3.oem3 (.text:ti_sysbios_hal_Hwi_HwiProxy_create)
                  0000d5e0    0000001c     sysbios.aem3 : BIOS.obj (.text:ti_sysbios_knl_Clock_scheduleNextTick__E)
                  0000d5fc    0000001c     app_ble_pem3.oem3 (.text:ti_sysbios_knl_Queue_Object__destruct__S)
                  0000d618    0000001c     sysbios.aem3 : BIOS.obj (.text:ti_sysbios_knl_Queue_get__E)
                  0000d634    0000001c                  : BIOS.obj (.text:ti_sysbios_knl_Queue_put__E)
                  0000d650    0000001c     app_ble_pem3.oem3 (.text:ti_sysbios_knl_Swi_Object__destruct__S)
                  0000d66c    0000001c     sysbios.aem3 : BIOS.obj (.text:ti_sysbios_knl_Task_enter__I)
                  0000d688    0000001c                  : BIOS.obj (.text:xdc_runtime_Error_raiseX__E)
                  0000d6a4    0000001c                  : BIOS.obj (.text:xdc_runtime_Memory_valloc__E)
                  0000d6c0    0000001c                  : BIOS.obj (.text:xdc_runtime_System_abort__E)
                  0000d6dc    0000001a     icall_api.obj (.text:GATT_Notification)
                  0000d6f6    0000001a     icall.obj (.text:ICall_enterCSImpl)
                  0000d710    0000001a     icall.obj (.text:ICall_primSetTimerMSecs$24)
                  0000d72a    0000001a     drivers_cc26xxware.aem3 : List.oem3 (.text:List_remove)
                  0000d744    0000001a     util.obj (.text:Util_dequeueMsg)
                  0000d75e    0000001a     ExtFlash.obj (.text:extFlashPowerDown$28)
                  0000d778    0000001a     icall_api.obj (.text:matchGattIndNotiCS$27)
                  0000d792    0000001a     sysbios.aem3 : m3_Hwi_asm.obj (.text:ti_sysbios_family_arm_m3_Hwi_pendSV__I)
                  0000d7ac    0000001a                  : BIOS.obj (.text:ti_sysbios_knl_Task_sleepTimeout__I)
                  0000d7c6    00000002                  : BIOS.obj (.text:xdc_runtime_SysCallback_defaultAbort)
                  0000d7c8    00000018     barometerservice.obj (.text:Barometer_registerAppCBs)
                  0000d7e0    00000018     battservice.obj (.text:Batt_SetParameter)
                  0000d7f8    00000018     oad.obj (.text:CheckImageDownloadCount$47)
                  0000d810    00000018     peripheral.obj (.text:GAPRole_StartDevice)
                  0000d828    00000018     peripheral.obj (.text:GAPRole_TerminateConnection)
                  0000d840    00000018     humidityservice.obj (.text:Humidity_registerAppCBs)
                  0000d858    00000018     I2C.obj (.text:I2C_Params_init)
                  0000d870    00000018     icall_cc2650.obj (.text:ICallPlatform_pwrDispense)
                  0000d888    00000018     icall_cc2650.obj (.text:ICallPlatform_pwrRequire)
                  0000d8a0    00000018     sensortag.obj (.text:ICall_free$0)
                  0000d8b8    00000018     sensortag_oad.obj (.text:ICall_free$10)
                  0000d8d0    00000018     util.obj (.text:ICall_free$14)
                  0000d8e8    00000018     devinfoservice.obj (.text:ICall_free$40)
                  0000d900    00000018     oad.obj (.text:ICall_free$47)
                  0000d918    00000018     sensortag.obj (.text:ICall_freeMsg$0)
                  0000d930    00000018     icall.obj (.text:ICall_freeMsg$24)
                  0000d948    00000018     icall_api.obj (.text:ICall_freeMsg$27)
                  0000d960    00000018     peripheral.obj (.text:ICall_freeMsg$50)
                  0000d978    00000018     icall.obj (.text:ICall_primMalloc$24)
                  0000d990    00000018     irtempservice.obj (.text:IRTemp_registerAppCBs)
                  0000d9a8    00000018     movementservice.obj (.text:Movement_registerAppCBs)
                  0000d9c0    00000018     driverlib.lib : aon_rtc.obj (.text:NOROM_AONRTCCurrentCompareValueGet)
                  0000d9d8    00000018                   : chipinfo.obj (.text:NOROM_ChipInfo_GetPackageType)
                  0000d9f0    00000018                   : osc.obj (.text:NOROM_OSCHF_TurnOnXosc)
                  0000da08    00000018                   : rfc.obj (.text:NOROM_RFCCpeIntGetAndClear)
                  0000da20    00000018                   : setup_rom.obj (.text:NOROM_SetupGetTrimForAdcShModeEn)
                  0000da38    00000018                   : setup_rom.obj (.text:NOROM_SetupGetTrimForAdcShVbufEn)
                  0000da50    00000018                   : setup_rom.obj (.text:NOROM_SetupGetTrimForAmpcompTh1)
                  0000da68    00000018                   : setup_rom.obj (.text:NOROM_SetupGetTrimForDblrLoopFilterResetVoltage)
                  0000da80    00000018                   : setup_rom.obj (.text:NOROM_SetupGetTrimForRcOscLfIBiasTrim)
                  0000da98    00000018                   : setup_rom.obj (.text:NOROM_SetupGetTrimForXoscLfRegulatorAndCmirrwrRatio)
                  0000dab0    00000018     oad_target_external_flash.obj (.text:OADTarget_close)
                  0000dac8    00000018     oad_target_external_flash.obj (.text:OADTarget_open)
                  0000dae0    00000018     oad.obj (.text:OAD_register)
                  0000daf8    00000018     opticservice.obj (.text:Optic_registerAppCBs)
                  0000db10    00000018     PINCC26XX.obj (.text:PIN_getConfig)
                  0000db28    00000018     drivers_cc26xxware.aem3 : PowerCC26XX.oem3 (.text:Power_idleFunc)
                  0000db40    00000018     RFCC26XX_singleMode.obj (.text:Q_pop$19)
                  0000db58    00000018     registerservice.obj (.text:Register_registerAppCBs)
                  0000db70    00000018     sensortag_batt.obj (.text:SensorTagBatt_clockHandler$2)
                  0000db88    00000018     sensortag_mov.obj (.text:SensorTagMov_clockHandler$9)
                  0000dba0    00000018     sensortag.obj (.text:SensorTag_callback$0)
                  0000dbb8    00000018     sensortag.obj (.text:SensorTag_clockHandler$0)
                  0000dbd0    00000018     sensortag.obj (.text:SensorTag_updateAdvertisingData)
                  0000dbe8    00000018     ExtFlash.obj (.text:Spi_close$28)
                  0000dc00    00000018     ExtFlash.obj (.text:Spi_flash$28)
                  0000dc18    00000018     drivers_cc26xxware.aem3 : PowerCC26XX.oem3 (.text:configureRFCoreClocks)
                  0000dc30    00000018     peripheral.obj (.text:gapRole_setEvent$50)
                  0000dc48    00000018     sensortag_opt.obj (.text:initCharacteristicValue$11)
                  0000dc60    00000018     sensortag_tmp.obj (.text:initCharacteristicValue$13)
                  0000dc78    00000018     sensortag_bar.obj (.text:initCharacteristicValue$1)
                  0000dc90    00000018     sensortag_hum.obj (.text:initCharacteristicValue$6)
                  0000dca8    00000018     rtsv7M3_T_le_eabi.lib : args_main.obj (.text)
                  0000dcc0    00000018                           : ll_mul_t2.obj (.text)
                  0000dcd8    00000018     RFCC26XX_singleMode.obj (.text:swiFxnFsm$19)
                  0000dcf0    00000018     app_ble_pem3.oem3 (.text:ti_sysbios_BIOS_rtsUnlock__I)
                  0000dd08    00000018     app_ble_pem3.oem3 (.text:ti_sysbios_family_arm_cc26xx_Timer_Module__startupDone__F)
                  0000dd20    00000018     app_ble_pem3.oem3 (.text:ti_sysbios_family_arm_m3_Hwi_Module__startupDone__F)
                  0000dd38    00000018     sysbios.aem3 : BIOS.obj (.text:ti_sysbios_family_arm_m3_Hwi_plug__E)
                  0000dd50    00000018                  : BIOS.obj (.text:ti_sysbios_gates_GateMutex_leave__E)
                  0000dd68    00000018                  : BIOS.obj (.text:ti_sysbios_knl_Swi_or__E)
                  0000dd80    00000018                  : BIOS.obj (.text:ti_sysbios_knl_Task_unblock__E)
                  0000dd98    00000018                  : BIOS.obj (.text:xdc_runtime_Core_destructObject__I)
                  0000ddb0    00000018                  : BIOS.obj (.text:xdc_runtime_Error_check__E)
                  0000ddc8    00000018                  : BIOS.obj (.text:xdc_runtime_System_exit__E)
                  0000dde0    00000016     main.obj (.text:AssertHandler)
                  0000ddf6    00000016     icall.obj (.text:ICall_abort$24)
                  0000de0c    00000016     icall.obj (.text:ICall_leaveCSImpl)
                  0000de22    00000016     icall.obj (.text:ICall_primStopTimer$24)
                  0000de38    00000016     ble_user_config.obj (.text:driverTable_fnSpinlock)
                  0000de4e    00000016     app_ble_pem3.oem3 (.text:ti_sysbios_BIOS_exitFunc__I)
                  0000de64    00000016     sysbios.aem3 : BIOS.obj (.text:ti_sysbios_knl_Clock_start__E)
                  0000de7a    00000002                  : BIOS.obj (.text:xdc_runtime_SysCallback_defaultExit)
                  0000de7c    00000014     battservice.obj (.text:Batt_Register)
                  0000de90    00000014     ccservice.obj (.text:CcService_registerAppCBs)
                  0000dea4    00000014     devinfoservice.obj (.text:DevInfo_AddService)
                  0000deb8    00000014     ExtFlash.obj (.text:ExtFlash_powerDown$28)
                  0000decc    00000014     ioservice.obj (.text:Io_getParameter)
                  0000dee0    00000014     ioservice.obj (.text:Io_registerAppCBs)
                  0000def4    00000014     driverlib.lib : aon_rtc.obj (.text:NOROM_AONRTCCurrent64BitValueGet)
                  0000df08    00000014                   : chipinfo.obj (.text:NOROM_ThisCodeIsBuiltForCC26xxHwRev22AndLater_HaltIfViolated)
                  0000df1c    00000014     oad_target_external_flash.obj (.text:OADTarget_writeFlash)
                  0000df30    00000014     PINCC26XX.obj (.text:PINCC26XX_getInputValue$18)
                  0000df44    00000014     PINCC26XX.obj (.text:PINCC26XX_getOutputValue$18)
                  0000df58    00000014     RFCC26XX_singleMode.obj (.text:RF_Params_init)
                  0000df6c    00000014     registerservice.obj (.text:Register_addService)
                  0000df80    00000014     SensorMpu9250.obj (.text:SensorMpu9250_Callback$32)
                  0000df94    00000014     SensorMpu9250.obj (.text:SensorMpu9250_powerIsOn)
                  0000dfa8    00000014     SensorMpu9250.obj (.text:SensorMpu9250_registerCallback)
                  0000dfbc    00000014     sensortag_batt.obj (.text:SensorTagBatt_processSensorEvent)
                  0000dfd0    00000014     sensortag_keys.obj (.text:SensorTagKeys_reset)
                  0000dfe4    00000014     SensorUtil.obj (.text:SensorUtil_convertToLe)
                  0000dff8    00000014     ExtFlash.obj (.text:extFlashDeselect$28)
                  0000e00c    00000014     ExtFlash.obj (.text:extFlashSelect$28)
                  0000e020    00000014     rtsv7M3_T_le_eabi.lib : _lock.obj (.text)
                  0000e034    00000014                           : strlen.obj (.text)
                  0000e048    00000014     icall_api.obj (.text:setICallCmdEvtHdr$27)
                  0000e05c    00000014     app_ble_pem3.oem3 (.text:ti_sysbios_family_arm_m3_Hwi_Object__get__S)
                  0000e070    00000014     sysbios.aem3 : BIOS.obj (.text:ti_sysbios_family_arm_m3_Hwi_switchFromBootStack__E)
                  0000e084    00000014     app_ble_pem3.oem3 (.text:ti_sysbios_knl_Clock_doTick__I)
                  0000e098    00000014     app_ble_pem3.oem3 (.text:ti_sysbios_knl_Swi_Object__get__S)
                  0000e0ac    00000012     ExtFlash.obj (.text:ExtFlash_test)
                  0000e0be    00000012     gattservapp_util.obj (.text:GATTServApp_FindAttr)
                  0000e0d0    00000012     RFCC26XX_singleMode.obj (.text:RF_getCmdOp)
                  0000e0e2    00000012     sysbios.aem3 : BIOS.obj (.text:ti_sysbios_hal_Hwi_Module_startup__E)
                  0000e0f4    00000012     app_ble_pem3.oem3 (.text:xdc_runtime_Startup_exec__I)
                  0000e106    00000002     sysbios.aem3 : BIOS.obj (.text:xdc_runtime_System_abortSpin__E)
                  0000e108    00000010     ccservice.obj (.text:CcService_getParameter)
                  0000e118    00000010     RFCC26XX_singleMode.obj (.text:FsmDispatch$19)
                  0000e128    00000010     peripheral.obj (.text:GAPRole_RegisterAppCBs)
                  0000e138    00000010     icall_api.obj (.text:GAP_EndDiscoverable)
                  0000e148    00000010     gattservapp_util.obj (.text:GATTServApp_ReadCharCfg)
                  0000e158    00000010     icall_cc2650.obj (.text:ICallPlatform_pwrGetXOSCStartupTime)
                  0000e168    00000010     icall.obj (.text:ICall_primGetTickPeriod$24)
                  0000e178    00000010     icall.obj (.text:ICall_taskEntry$24)
                  0000e188    00000010     driverlib.lib : rfc.obj (.text:NOROM_RFCRfTrimSet)
                  0000e198    00000010                   : setup_rom.obj (.text:NOROM_SetupGetTrimForXoscHfFastStart)
                  0000e1a8    00000010                   : setup_rom.obj (.text:NOROM_SetupGetTrimForXoscHfIbiastherm)
                  0000e1b8    00000010     oad_target_external_flash.obj (.text:OADTarget_getCrc)
                  0000e1c8    00000010     oad_target_external_flash.obj (.text:OADTarget_setCrc)
                  0000e1d8    00000010     oad_target_external_flash.obj (.text:OADTarget_systemReset)
                  0000e1e8    00000010     drivers_cc26xxware.aem3 : PowerCC26XX.oem3 (.text:Power_enablePolicy)
                  0000e1f8    00000010     ble_user_config.obj (.text:RegisterAssertCback)
                  0000e208    00000010     sensortag_register.obj (.text:SensorTagRegister_init)
                  0000e218    00000010     util.obj (.text:Util_isActive)
                  0000e228    00000010     I2CCC26XX.obj (.text:i2cPostNotify$17)
                  0000e238    00000010     sysbios.aem3 : BIOS.obj (.text:ti_sysbios_BIOS_exit__E)
                  0000e248    00000010                  : BIOS.obj (.text:ti_sysbios_BIOS_getCpuFreq__E)
                  0000e258    00000010                  : BIOS.obj (.text:ti_sysbios_BIOS_setThreadType__E)
                  0000e268    00000010                  : BIOS.obj (.text:ti_sysbios_BIOS_start__E)
                  0000e278    00000010                  : BIOS.obj (.text:ti_sysbios_family_arm_m3_Hwi_post__E)
                  0000e288    00000010                  : m3_TaskSupport_asm.obj (.text:ti_sysbios_family_arm_m3_TaskSupport_glue)
                  0000e298    00000010                  : m3_TaskSupport_asm.obj (.text:ti_sysbios_family_arm_m3_TaskSupport_swap__E)
                  0000e2a8    00000010     app_ble_pem3.oem3 (.text:ti_sysbios_hal_Hwi_HwiProxy_Object__create__S)
                  0000e2b8    00000010     sysbios.aem3 : BIOS.obj (.text:ti_sysbios_knl_Semaphore_Instance_finalize__E)
                  0000e2c8    00000010                  : BIOS.obj (.text:ti_sysbios_knl_Swi_disable__E)
                  0000e2d8    00000010                  : BIOS.obj (.text:ti_sysbios_knl_Swi_enabled__E)
                  0000e2e8    00000010     app_ble_pem3.oem3 (.text:ti_sysbios_knl_Task_Object__get__S)
                  0000e2f8    00000010     sysbios.aem3 : BIOS.obj (.text:ti_sysbios_knl_Task_disable__E)
                  0000e308    00000010                  : BIOS.obj (.text:xdc_runtime_Gate_leaveSystem__E)
                  0000e318    00000010                  : BIOS.obj (.text:xdc_runtime_SysCallback_abort__E)
                  0000e328    00000010                  : BIOS.obj (.text:xdc_runtime_SysCallback_exit__E)
                  0000e338    0000000e     icall_api.obj (.text:GATT_Indication)
                  0000e346    0000000e     icall_cc2650.obj (.text:ICallPlatform_pwrGetTransitionState)
                  0000e354    0000000e     icall_cc2650.obj (.text:ICallPlatform_pwrIsStableXOSCHF)
                  0000e362    0000000e     icall.obj (.text:ICall_primDisableMInt$24)
                  0000e370    0000000e     icall.obj (.text:ICall_primEnableMInt$24)
                  0000e37e    0000000e     icall.obj (.text:ICall_primFreeMsg$24)
                  0000e38c    0000000e     icall.obj (.text:ICall_primGetTicks$24)
                  0000e39a    0000000e     driverlib.lib : vims.obj (.text:NOROM_VIMSModeGet)
                  0000e3a8    0000000e     oad_target_external_flash.obj (.text:OADTarget_imageAddress)
                  0000e3b6    0000000e     SPICC26XXDMA.obj (.text:SPICC26XXDMA_init)
                  0000e3c4    0000000e     SensorI2C.obj (.text:SensorI2C_readReg)
                  0000e3d2    0000000e     util.obj (.text:Util_constructQueue)
                  0000e3e0    0000000e     rtsv7M3_T_le_eabi.lib : copy_decompress_none.obj (.text:decompress:none)
                  0000e3ee    0000000e     icall_api.obj (.text:matchGSARegisterServiceCS$27)
                  0000e3fc    0000000e     icall_api.obj (.text:matchGapLinkEstCS$27)
                  0000e40a    0000000e     icall_api.obj (.text:matchLinkDBNumConnsCS$27)
                  0000e418    0000000e     icall_api.obj (.text:setDispatchCmdEvtHdr$27)
                  0000e426    0000000e     sysbios.aem3 : BIOS.obj (.text:ti_sysbios_knl_Queue_empty__E)
                  0000e434    0000000e                  : BIOS.obj (.text:ti_sysbios_knl_Queue_remove__E)
                  0000e442    0000000e                  : BIOS.obj (.text:xdc_runtime_HeapMin_Instance_init__E)
                  0000e450    0000000c     RFCC26XX_singleMode.obj (.text:FsmNextState$19)
                  0000e45c    0000000c     icall_api.obj (.text:GAP_MakeDiscoverable)
                  0000e468    0000000c     icall_api.obj (.text:GAP_TerminateAuth)
                  0000e474    0000000c     icall_api.obj (.text:GAP_UpdateLinkParamReq)
                  0000e480    0000000c     icall_api.obj (.text:GAP_UpdateLinkParamReqReply)
                  0000e48c    0000000c     icall_api.obj (.text:GGS_SetParameter)
                  0000e498    0000000c     icall.obj (.text:ICall_clockFunc$24)
                  0000e4a4    0000000c     icall.obj (.text:ICall_primDisableInt$24)
                  0000e4b0    0000000c     icall.obj (.text:ICall_primEnableInt$24)
                  0000e4bc    0000000c     icall.obj (.text:ICall_primFree$24)
                  0000e4c8    0000000c     icall.obj (.text:ICall_primSignal$24)
                  0000e4d4    0000000c     driverlib.lib : cpu.obj (.text:NOROM_CPUcpsid)
                  0000e4e0    0000000c                   : cpu.obj (.text:NOROM_CPUcpsie)
                  0000e4ec    0000000c     drivers_cc26xxware.aem3 : PowerCC26XX.oem3 (.text:Power_getConstraintMask)
                  0000e4f8    0000000c                             : PowerCC26XX.oem3 (.text:Power_getDependencyCount)
                  0000e504    0000000c                             : PowerCC26XX.oem3 (.text:Power_getTransitionState)
                  0000e510    0000000c     SensorI2C.obj (.text:SensorI2C_deselect)
                  0000e51c    0000000c     sensortag_conn_ctrl.obj (.text:SensorTagConnectionControl_init)
                  0000e528    0000000c     sensortag.obj (.text:SensorTag_processGATTMsg$0)
                  0000e534    0000000c     sensortag.obj (.text:SensorTag_processStackMsg$0)
                  0000e540    0000000c     sensortag.obj (.text:SensorTag_testResult)
                  0000e54c    0000000c     rtsv7M3_T_le_eabi.lib : copy_zero_init.obj (.text:decompress:ZI)
                  0000e558    0000000c     icall_api.obj (.text:matchProfileSetParamCS$27)
                  0000e564    0000000c     SPICC26XXDMA.obj (.text:spiPostNotify$21)
                  0000e570    0000000c     sysbios.aem3 : BIOS.obj (.text:ti_sysbios_BIOS_getThreadType__E)
                  0000e57c    0000000c     app_ble_pem3.oem3 (.text:ti_sysbios_family_arm_m3_Hwi_Params__init__S)
                  0000e588    0000000c     sysbios.aem3 : BIOS.obj (.text:ti_sysbios_family_arm_m3_Hwi_disableFxn__E)
                  0000e594    0000000c                  : BIOS.obj (.text:ti_sysbios_family_arm_m3_Hwi_enableFxn__E)
                  0000e5a0    0000000c                  : BIOS.obj (.text:ti_sysbios_family_arm_m3_TaskSupport_getStackAlignment__E)
                  0000e5ac    0000000c                  : BIOS.obj (.text:ti_sysbios_gates_GateHwi_enter__E)
                  0000e5b8    0000000c     app_ble_pem3.oem3 (.text:ti_sysbios_hal_Hwi_Params__init__S)
                  0000e5c4    0000000c     app_ble_pem3.oem3 (.text:ti_sysbios_knl_Clock_Params__init__S)
                  0000e5d0    0000000c     app_ble_pem3.oem3 (.text:ti_sysbios_knl_Queue_Object__get__S)
                  0000e5dc    0000000c     sysbios.aem3 : BIOS.obj (.text:ti_sysbios_knl_Queue_dequeue__E)
                  0000e5e8    0000000c                  : BIOS.obj (.text:ti_sysbios_knl_Queue_enqueue__E)
                  0000e5f4    0000000c     app_ble_pem3.oem3 (.text:ti_sysbios_knl_Semaphore_Params__init__S)
                  0000e600    0000000c     app_ble_pem3.oem3 (.text:ti_sysbios_knl_Swi_Params__init__S)
                  0000e60c    0000000c     sysbios.aem3 : BIOS.obj (.text:ti_sysbios_knl_Swi_getTrigger__E)
                  0000e618    0000000c     app_ble_pem3.oem3 (.text:ti_sysbios_knl_Task_Params__init__S)
                  0000e624    0000000c     sysbios.aem3 : BIOS.obj (.text:ti_sysbios_knl_Task_self__E)
                  0000e630    0000000c                  : BIOS.obj (.text:xdc_runtime_Gate_enterSystem__E)
                  0000e63c    0000000c                  : BIOS.obj (.text:xdc_runtime_HeapMin_getStats__E)
                  0000e648    0000000c                  : BIOS.obj (.text:xdc_runtime_Memory_calloc__E)
                  0000e654    0000000c                  : BIOS.obj (.text:xdc_runtime_Memory_getMaxDefaultTypeAlign__E)
                  0000e660    0000000c                  : BIOS.obj (.text:xdc_runtime_Startup_rtsDone__E)
                  0000e66c    0000000a     I2CCC26XX.obj (.text:I2CCC26XX_init)
                  0000e676    0000000a     I2C.obj (.text:I2C_close)
                  0000e680    0000000a     I2C.obj (.text:I2C_transfer)
[...]
0000f43c  xdc_runtime_System_abortFxn__C                              
0000f440  xdc_runtime_System_exitFxn__C                               
0000f444  xdc_runtime_System_maxAtexitHandlers__C                     
0000f448  xdc_runtime_Text_nodeTab__A                                 
0000f44c  ti_sysbios_family_arm_m3_Hwi_Module__id__C                  
0000f44e  xdc_runtime_HeapMin_Module__id__C                           
0000f450  xdc_runtime_HeapMin_freeError__C                            
0000f452  xdc_runtime_Memory_Module__id__C                            
0000f454  xdc_runtime_Text_charTab__A                                 
0000f458  __TI_static_base__                                          
0000ffe0  __TI_Handler_Table_Base                                     
0000ffec  __TI_Handler_Table_Limit                                    
00010018  __TI_CINIT_Base                                             
00010048  __TI_CINIT_Limit                                            
10014c00  A1_rw                                                       
10014c00  __checksum_begin_CommonROM                                  
10014c01  COMMON_ROM_BASE_ADDR                                        
10014c04  P1_ro                                                       
10014c05  SCALARMUL_init                                              
10014ced  SCALARMUL_core                                              
10015019  SCALARMUL_final                                             
100150e5  SCALARMUL                                                   
10015101  SAVEPOINT                                                   
10015141  GETBIT                                                      
10015155  GETDIGIT                                                    
100151a5  GETDIGITL2R                                                 
10015215  SelectReg                                                   
10015229  ATOMICPATTERN                                               
100154f5  JACADD                                                      
1001568d  INVERT                                                      
10015821  SQUAREMULTIPLYWORD                                          
1001588c  LUTOPCODE                                                   
10015894  LUTOPSIGN                                                   
100158ac  LUTC                                                        
100158c4  LUTSE                                                       
100158dc  LUTINCI                                                     
100158f4  LUTJ                                                        
1001596c  LUTSTATE                                                    
100159a9  IMPORTLENGTH                                                
100159ad  IMPORTMODULUS                                               
100159d1  IMPORTOPERAND                                               
10015a11  EXPORTOPERAND                                               
10015a35  IMPORTDATA                                                  
10015a51  SETOPERAND                                                  
10015a6d  COPY                                                        
10015a85  ZERO                                                        
10015a91  SETWORD                                                     
10015a9d  mSET                                                        
10015bcd  zSET                                                        
10015bd5  mINVK                                                       
10015d19  zADD                                                        
10015d5d  zSUB                                                        
10015de9  zMACC32                                                     
10015e69  zSUB32                                                      
10015eb5  zADD32                                                      
10015f0d  zMULT32                                                     
10015f81  mMULT                                                       
10016551  mADD                                                        
1001664d  mSUB                                                        
10016749  mOUT                                                        
10016975  ssp_KeyInit_Sw                                              
10016979  sspAesEncrypt_Sw                                            
10016985  sspKeyExpansion_Sw                                          
10016a99  sspAesEncryptKeyExp_Sw                                      
10016af5  sspAesEncryptBasic_Sw                                       
10016b79  RoundKey_Sw                                                 
10016c29  AddRoundKeySubBytes_Sw                                      
10016c45  ShiftRows_Sw                                                
10016c79  MixColumns_Sw                                               
10016d05  FFMult_Sw                                                   
10016d29  sspAesDecrypt_Sw                                            
10016da1  InvAddRoundKey_Sw                                           
10016dc9  InvRoundKey_Sw                                              
10016e8d  InvSubBytes_Sw                                              
10016ea1  InvShiftRows_Sw                                             
10016ed5  InvMixColumns_Sw                                            
10016f58  FFMult2                                                     
10017058  FFMult3                                                     
10017158  RCon                                                        
10017164  Sbox                                                        
10017264  InvSbox                                                     
10017365  SSP_CCM_Auth_Sw                                             
100174fd  SSP_CCM_Encrypt_Sw                                          
100175ed  SSP_CTR_Encrypt_Sw                                          
1001767d  SSP_CCM_Decrypt_Sw                                          
10017771  SSP_CTR_Decrypt_Sw                                          
10017839  SSP_CCM_InvAuth_Sw                                          
10017895  SSP_CCM_Auth_Encrypt_Sw                                     
100178f5  SSP_CCM_InvAuth_Decrypt_Sw                                  
10017959  ECC_allocWorkzone                                           
10017961  ECC_setWin                                                  
10017969  ECDSA_sign                                                  
10017b01  ECDSA_verif                                                 
10017dbd  eccRom_genKeys                                              
10017ded  eccRom_genSharedSecret                                      
10017e39  SHA256_updateW                                              
10017e75  SHA256_round                                                
10017ef1  SHA256_nextState                                            
10017f49  SHA256_saveBuffer                                           
10017ffd  SHA256_init                                                 
10018019  SHA256_process                                              
10018089  SHA256_final                                                
10018129  SHA256_full                                                 
100182ad  RFHAL_InitRfHal                                             
10018315  RFHAL_AllocRatChan                                          
1001833d  RFHAL_FreeRatChan                                           
10018369  RFHAL_MapRatChansToInt                                      
10018391  RFHAL_RegisterRatChanCallback                               
100183b9  RFHAL_InitDataQueue                                         
100183c5  RFHAL_QueueRFDataEntries                                    
10018415  RFHAL_AddTxDataEntry                                        
10018485  RFHAL_FreeNextTxDataEntry                                   
100184a9  RFHAL_AllocDataEntryQueue                                   
100184c5  RFHAL_FreeDataEntryQueue                                    
100184cd  RFHAL_GetNextDataEntry                                      
100184d1  RFHAL_GetTempDataEntry                                      
100184d5  RFHAL_NextDataEntryDone                                     
100184f9  RFHAL_AllocDataEntry                                        
10018549  RFHAL_FreeDataEntry                                         
10018551  RFHAL_BuildRingBuffer                                       
100185e1  RFHAL_BuildDataEntryRingBuffer                              
10018669  RFHAL_BuildLinkedBuffer                                     
10018755  MB_Init                                                     
10018799  MB_EnableInts                                               
100187f5  MB_DisableInts                                              
10018825  MB_ClearInts                                                
10018835  MB_EnableHWInts                                             
10018865  MB_SendCommand                                              
100188a5  MB_SendCommandSynch                                         
10018935  MB_ReadMailboxStatus                                        
1001893d  MB_RegisterIsrCback                                         
10018945  MB_FwDebugDump                                              
10018949  mbCmdAckIsr                                                 
1001895d  mbCpe0Isr                                                   
10018985  mbCpe1Isr                                                   
100189e5  mbHwIsr                                                     
10018a19  AesCcm_authEncrypt_Sw                                       
10018a35  AesCcm_decryptAuth_Sw                                       
10018a99  Aes_encrypt_Sw                                              
10018ac5  Aes_decrypt_Sw                                              
10018b09  AesCcm_getNumBlocks_Sw                                      
10018b0c  NIST_Curve_P256_p                                           
10018b30  NIST_Curve_P256_r                                           
10018b54  NIST_Curve_P256_a                                           
10018b78  NIST_Curve_P256_b                                           
10018b9c  NIST_Curve_P256_Gx                                          
10018bc0  NIST_Curve_P256_Gy                                          
10018ced  __exit                                                      
10018d6c  Fill1                                                       
10019ffc  A3_rw                                                       
10019ffd  __checksum_end_CommonROM                                    
10019ffe  A2_rw                                                       
10019ffe  P1_ro_2                                                     
10019ffe  __checksum_CommonROM                                        
20000000  ti_sysbios_family_arm_m3_Hwi_ramVectors                     
20000520  gapProfileState                                             
20000521  selfEntityMain                                              
20000528  sem                                                         
2000052c  hGpioPin                                                    
20000548  pinGpioState                                                
2000096c  linkDBNumConns                                              
20000a80  gapRoleTask                                                 
20000ad0  gapRoleTaskStack                                            
20001a74  ti_sysbios_family_arm_cc26xx_Timer_Module__root__V          
20001a7c  ti_sysbios_family_arm_cc26xx_Timer_Module__state__V         
20001a84  ti_sysbios_family_arm_m3_Hwi_Module__root__V                
20001a8c  ti_sysbios_family_arm_m3_Hwi_Object__table__V               
20001aa4  ti_sysbios_family_arm_m3_Hwi_Module_State_0_excActive__A    
20001aa8  ti_sysbios_family_arm_m3_Hwi_Module_State_0_excContext__A   
20001aac  ti_sysbios_family_arm_m3_Hwi_Module_State_0_excStack__A     
20001ab0  ti_sysbios_gates_GateHwi_Module__root__V                    
20001ab8  ti_sysbios_gates_GateHwi_Object__table__V                   
20001abc  ti_sysbios_gates_GateMutex_Module__root__V                  
20001ac4  ti_sysbios_gates_GateMutex_Object__table__V                 
20001ae0  ti_sysbios_hal_Hwi_Module__root__V                          
20001ae8  ti_sysbios_knl_Clock_Module__root__V                        
20001af0  ti_sysbios_knl_Clock_Object__table__V                       
20001b10  ti_sysbios_knl_Queue_Module__root__V                        
20001b18  ti_sysbios_knl_Semaphore_Module__root__V                    
20001b20  ti_sysbios_knl_Swi_Module__root__V                          
20001b28  ti_sysbios_knl_Swi_Module__state__V                         
20001b44  ti_sysbios_knl_Task_Module__root__V                         
20001b4c  ti_sysbios_knl_Task_Module_State_0_idleTask__A              
20001b50  xdc_runtime_Error_Module__state__V                          
20001b54  xdc_runtime_HeapMin_Module__root__V                         
20001b5c  xdc_runtime_HeapMin_Object__table__V                        
20001b6c  xdc_runtime_Memory_Module__state__V                         
20001b70  xdc_runtime_Registry_Module__state__V                       
20001b78  xdc_runtime_Startup_Module__state__V                        
20001b80  xdc_runtime_System_Module__state__V                         
20001b88  xdc_runtime_Text_Module__state__V                           
20001b90  __xdc__init__addr                                           
20001b94  PowerCC26XX_module                                          
20001ca4  ICall_dispatcher                                            
20001cac  ICall_enterCriticalSection                                  
20001cb0  ICall_leaveCriticalSection                                  
20001cc8  HEAPMGR_SIZE                                                
20002394  rfRegTbl                                                    
200023ec  ti_sysbios_knl_Task_Object__table__V                        
20002480  ti_sysbios_family_arm_cc26xx_Timer_Object__table__V         
200024c8  ti_sysbios_knl_Task_Module__state__V                        
20002540  ti_sysbios_family_arm_m3_Hwi_Module__state__V               
200025a4  ti_sysbios_knl_Swi_Module_State_0_readyQ__A                 
200025d4  ti_sysbios_knl_Swi_Object__table__V                         
20002604  ti_sysbios_knl_Task_Module_State_0_readyQ__A                
20002634  user0Cfg                                                    
200026bc  ti_sysbios_knl_Clock_Module__state__V                       
200026e8  ti_sysbios_BIOS_Module__state__V                            
20002738  lastAppOpcodeSent                                           
2000273c  pfnBMAlloc                                                  
20002740  pfnBMFree                                                   
2000274c  _lock                                                       
20002750  _unlock                                                     
20002754  __TI_cleanup_ptr                                            
20002758  __TI_dtors_ptr                                              
20002768  appAssertCback                                              
2000276c  main_func_sp                                                
20002780  xdc_runtime_HeapMin_Instance_State_0_buf__A                 
20002e08  ti_sysbios_knl_Task_Instance_State_0_stack__A               
20003008  spiCC26XXDMAObjects                                         
200031c0  PIN_NumPins                                                 
20003254  PIN_HandleTable                                             
200033e0  i2cCC26xxObjects                                            
200034c0  ti_sysbios_family_arm_m3_Hwi_dispatchTable                  
20003600  udmaObjects                                                 
20003664  trngCC26XXObjects                                           
20003669  driverlib_release_0_47020                                   
2000366f  heapStart                                                   
200041f8  __stack                                                     
200041f8  heapEnd                                                     
200043f8  __STACK_END                                                 
200043f8  __STACK_TOP                                                 
20004f2c  A4_rw                                                       
20004f2c  COMMON_RAM_BASE_ADDR                                        
20004f40  P2_rw                                                       
20004f40  P2_s0                                                       
20004f40  eccRom_windowSize                                           
20004f44  eccRom_workzone                                             
20004f48  eccRom_param_p                                              
20004f4c  eccRom_param_r                                              
20004f50  eccRom_param_a                                              
20004f54  inScalar                                                    
20004f58  inPointX                                                    
20004f5c  inPointY                                                    
20004f60  outPointX                                                   
20004f64  outPointY                                                   
20004f68  SCAL                                                        
20004f6c  EXPX                                                        
20004f70  EXPY                                                        
20004f74  EXPZ                                                        
20004f78  EXPW                                                        
20004f7c  ACCX                                                        
20004f80  ACCY                                                        
20004f84  ACCZ                                                        
20004f88  TMP1                                                        
20004f8c  TMP2                                                        
20004f90  TMP3                                                        
20004f94  TMP4                                                        
20004f98  TMP5                                                        
20004f9c  TMP6                                                        
20004fa0  eccRom_param_Gx                                             
20004fa4  eccRom_param_Gy                                             
20004fa8  eccRom_param_b                                              
20004fac  P2_zi                                                       
20004fac  ratChanInfo                                                 
20004fcc  fwInfoCmd                                                   
20004fd8  MSBMOD                                                      
20004fdc  aux64                                                       
20004fe4  MOD                                                         
20004fe8  LEN                                                         
20004ffc  pSspAesEncrypt_Sw                                           
e000e000  ti_sysbios_family_arm_m3_Hwi_nvic                           
ffffffff  __binit__                                                   
ffffffff  __c_args__                                                  
ffffffff  binit                                                       
UNDEFED   SHT$$INIT_ARRAY$$Base                                       
UNDEFED   SHT$$INIT_ARRAY$$Limit                                      

[1074 symbols]
